Type MPC_ZERO_OUTPUT_GUARD_READY only if physical stop is accessible, PI/MPC actuation is disabled, the gateway is running, and MpcController.ENABLE_REQUEST is FALSE. FORTE may be stopped for a preflight run: 
Connecting read-only guard...
  gateway: opc.tcp://127.0.0.1:4841
  PLC:     opc.tcp://10.0.0.3:4840

INITIAL ZERO OUTPUT: PASSED
Zero-output monitoring is active.
For a 10 s preflight: do not deploy anything.
For the protected deployment run: deploy ONLY the protected resource named by the current versioned runbook, keep ENABLE_REQUEST=FALSE, then manually trigger MpcInitMerge.EI1 once.
The guard will continue monitoring and will abort on any non-zero actuator state or unhealthy watchdog state.

t=   0.1s | Nivel=  217.0 | Enable=False | DAC=    0.0 | AppliedEnable=False | AppliedDAC=    0.0 | Healthy=True
t=   1.1s | Nivel=  217.0 | Enable=False | DAC=    0.0 | AppliedEnable=False | AppliedDAC=    0.0 | Healthy=True
t=   2.1s | Nivel=  207.0 | Enable=False | DAC=    0.0 | AppliedEnable=False | AppliedDAC=    0.0 | Healthy=True
t=   3.2s | Nivel=  227.0 | Enable=False | DAC=    0.0 | AppliedEnable=False | AppliedDAC=    0.0 | Healthy=True
t=   4.2s | Nivel=  227.0 | Enable=False | DAC=    0.0 | AppliedEnable=False | AppliedDAC=    0.0 | Healthy=True
t=   5.2s | Nivel=  227.0 | Enable=False | DAC=    0.0 | AppliedEnable=False | AppliedDAC=    0.0 | Healthy=True
t=   6.3s | Nivel=  217.0 | Enable=False | DAC=    0.0 | AppliedEnable=False | AppliedDAC=    0.0 | Healthy=True
t=   7.3s | Nivel=  217.0 | Enable=False | DAC=    0.0 | AppliedEnable=False | AppliedDAC=    0.0 | Healthy=True
t=   8.3s | Nivel=  217.0 | Enable=False | DAC=    0.0 | AppliedEnable=False | AppliedDAC=    0.0 | Healthy=True
t=   9.4s | Nivel=  227.0 | Enable=False | DAC=    0.0 | AppliedEnable=False | AppliedDAC=    0.0 | Healthy=True
t=  10.4s | Nivel=  217.0 | Enable=False | DAC=    0.0 | AppliedEnable=False | AppliedDAC=    0.0 | Healthy=True
t=  11.4s | Nivel=  227.0 | Enable=False | DAC=    0.0 | AppliedEnable=False | AppliedDAC=    0.0 | Healthy=True
t=  12.4s | Nivel=  217.0 | Enable=False | DAC=    0.0 | AppliedEnable=False | AppliedDAC=    0.0 | Healthy=True
t=  13.4s | Nivel=  217.0 | Enable=False | DAC=    0.0 | AppliedEnable=False | AppliedDAC=    0.0 | Healthy=True
t=  14.4s | Nivel=  217.0 | Enable=False | DAC=    0.0 | AppliedEnable=False | AppliedDAC=    0.0 | Healthy=True
t=  15.5s | Nivel=  217.0 | Enable=False | DAC=    0.0 | AppliedEnable=False | AppliedDAC=    0.0 | Healthy=True
t=  16.5s | Nivel=  217.0 | Enable=False | DAC=    0.0 | AppliedEnable=False | AppliedDAC=    0.0 | Healthy=True
t=  17.5s | Nivel=  207.0 | Enable=False | DAC=    0.0 | AppliedEnable=False | AppliedDAC=    0.0 | Healthy=True
t=  18.5s | Nivel=  207.0 | Enable=False | DAC=    0.0 | AppliedEnable=False | AppliedDAC=    0.0 | Healthy=True
t=  19.6s | Nivel=  207.0 | Enable=False | DAC=    0.0 | AppliedEnable=False | AppliedDAC=    0.0 | Healthy=True
t=  20.6s | Nivel=  217.0 | Enable=False | DAC=    0.0 | AppliedEnable=False | AppliedDAC=    0.0 | Healthy=True
t=  21.6s | Nivel=  207.0 | Enable=False | DAC=    0.0 | AppliedEnable=False | AppliedDAC=    0.0 | Healthy=True
t=  22.7s | Nivel=  217.0 | Enable=False | DAC=    0.0 | AppliedEnable=False | AppliedDAC=    0.0 | Healthy=True
t=  23.7s | Nivel=  217.0 | Enable=False | DAC=    0.0 | AppliedEnable=False | AppliedDAC=    0.0 | Healthy=True
t=  24.8s | Nivel=  207.0 | Enable=False | DAC=    0.0 | AppliedEnable=False | AppliedDAC=    0.0 | Healthy=True
t=  25.8s | Nivel=  207.0 | Enable=False | DAC=    0.0 | AppliedEnable=False | AppliedDAC=    0.0 | Healthy=True
t=  26.8s | Nivel=  227.0 | Enable=False | DAC=    0.0 | AppliedEnable=False | AppliedDAC=    0.0 | Healthy=True
t=  27.8s | Nivel=  217.0 | Enable=False | DAC=    0.0 | AppliedEnable=False | AppliedDAC=    0.0 | Healthy=True
t=  28.9s | Nivel=  227.0 | Enable=False | DAC=    0.0 | AppliedEnable=False | AppliedDAC=    0.0 | Healthy=True
t=  29.9s | Nivel=  217.0 | Enable=False | DAC=    0.0 | AppliedEnable=False | AppliedDAC=    0.0 | Healthy=True
t=  30.9s | Nivel=  217.0 | Enable=False | DAC=    0.0 | AppliedEnable=False | AppliedDAC=    0.0 | Healthy=True
t=  31.9s | Nivel=  227.0 | Enable=False | DAC=    0.0 | AppliedEnable=False | AppliedDAC=    0.0 | Healthy=True
t=  33.0s | Nivel=  217.0 | Enable=False | DAC=    0.0 | AppliedEnable=False | AppliedDAC=    0.0 | Healthy=True
t=  34.0s | Nivel=  227.0 | Enable=False | DAC=    0.0 | AppliedEnable=False | AppliedDAC=    0.0 | Healthy=True
t=  35.0s | Nivel=  227.0 | Enable=False | DAC=    0.0 | AppliedEnable=False | AppliedDAC=    0.0 | Healthy=True
t=  36.1s | Nivel=  227.0 | Enable=False | DAC=    0.0 | AppliedEnable=False | AppliedDAC=    0.0 | Healthy=True
t=  37.1s | Nivel=  227.0 | Enable=False | DAC=    0.0 | AppliedEnable=False | AppliedDAC=    0.0 | Healthy=True
t=  38.1s | Nivel=  227.0 | Enable=False | DAC=    0.0 | AppliedEnable=False | AppliedDAC=    0.0 | Healthy=True
t=  39.2s | Nivel=  227.0 | Enable=False | DAC=    0.0 | AppliedEnable=False | AppliedDAC=    0.0 | Healthy=True
t=  40.3s | Nivel=  217.0 | Enable=False | DAC=    0.0 | AppliedEnable=False | AppliedDAC=    0.0 | Healthy=True
t=  41.4s | Nivel=  227.0 | Enable=False | DAC=    0.0 | AppliedEnable=False | AppliedDAC=    0.0 | Healthy=True
t=  42.4s | Nivel=  227.0 | Enable=False | DAC=    0.0 | AppliedEnable=False | AppliedDAC=    0.0 | Healthy=True
t=  43.4s | Nivel=  227.0 | Enable=False | DAC=    0.0 | AppliedEnable=False | AppliedDAC=    0.0 | Healthy=True
t=  44.5s | Nivel=  227.0 | Enable=False | DAC=    0.0 | AppliedEnable=False | AppliedDAC=    0.0 | Healthy=True
t=  45.5s | Nivel=  217.0 | Enable=False | DAC=    0.0 | AppliedEnable=False | AppliedDAC=    0.0 | Healthy=True
t=  46.5s | Nivel=  217.0 | Enable=False | DAC=    0.0 | AppliedEnable=False | AppliedDAC=    0.0 | Healthy=True
t=  47.5s | Nivel=  217.0 | Enable=False | DAC=    0.0 | AppliedEnable=False | AppliedDAC=    0.0 | Healthy=True
t=  48.6s | Nivel=  207.0 | Enable=False | DAC=    0.0 | AppliedEnable=False | AppliedDAC=    0.0 | Healthy=True
t=  49.7s | Nivel=  217.0 | Enable=False | DAC=    0.0 | AppliedEnable=False | AppliedDAC=    0.0 | Healthy=True
t=  50.7s | Nivel=  217.0 | Enable=False | DAC=    0.0 | AppliedEnable=False | AppliedDAC=    0.0 | Healthy=True
t=  51.8s | Nivel=  217.0 | Enable=False | DAC=    0.0 | AppliedEnable=False | AppliedDAC=    0.0 | Healthy=True
t=  52.8s | Nivel=  217.0 | Enable=False | DAC=    0.0 | AppliedEnable=False | AppliedDAC=    0.0 | Healthy=True
t=  53.8s | Nivel=  227.0 | Enable=False | DAC=    0.0 | AppliedEnable=False | AppliedDAC=    0.0 | Healthy=True
t=  54.8s | Nivel=  217.0 | Enable=False | DAC=    0.0 | AppliedEnable=False | AppliedDAC=    0.0 | Healthy=True
t=  55.9s | Nivel=  217.0 | Enable=False | DAC=    0.0 | AppliedEnable=False | AppliedDAC=    0.0 | Healthy=True
t=  56.9s | Nivel=  227.0 | Enable=False | DAC=    0.0 | AppliedEnable=False | AppliedDAC=    0.0 | Healthy=True
t=  57.9s | Nivel=  217.0 | Enable=False | DAC=    0.0 | AppliedEnable=False | AppliedDAC=    0.0 | Healthy=True
t=  58.9s | Nivel=  217.0 | Enable=False | DAC=    0.0 | AppliedEnable=False | AppliedDAC=    0.0 | Healthy=True
t=  60.0s | Nivel=  217.0 | Enable=False | DAC=    0.0 | AppliedEnable=False | AppliedDAC=    0.0 | Healthy=True
t=  61.0s | Nivel=  217.0 | Enable=False | DAC=    0.0 | AppliedEnable=False | AppliedDAC=    0.0 | Healthy=True
t=  62.0s | Nivel=  207.0 | Enable=False | DAC=    0.0 | AppliedEnable=False | AppliedDAC=    0.0 | Healthy=True
t=  63.1s | Nivel=  217.0 | Enable=False | DAC=    0.0 | AppliedEnable=False | AppliedDAC=    0.0 | Healthy=True
t=  64.2s | Nivel=  227.0 | Enable=False | DAC=    0.0 | AppliedEnable=False | AppliedDAC=    0.0 | Healthy=True
t=  65.2s | Nivel=  217.0 | Enable=False | DAC=    0.0 | AppliedEnable=False | AppliedDAC=    0.0 | Healthy=True
t=  66.3s | Nivel=  217.0 | Enable=False | DAC=    0.0 | AppliedEnable=False | AppliedDAC=    0.0 | Healthy=True
t=  67.3s | Nivel=  227.0 | Enable=False | DAC=    0.0 | AppliedEnable=False | AppliedDAC=    0.0 | Healthy=True
t=  68.3s | Nivel=  227.0 | Enable=False | DAC=    0.0 | AppliedEnable=False | AppliedDAC=    0.0 | Healthy=True
t=  69.4s | Nivel=  217.0 | Enable=False | DAC=    0.0 | AppliedEnable=False | AppliedDAC=    0.0 | Healthy=True
t=  70.4s | Nivel=  227.0 | Enable=False | DAC=    0.0 | AppliedEnable=False | AppliedDAC=    0.0 | Healthy=True
t=  71.5s | Nivel=  217.0 | Enable=False | DAC=    0.0 | AppliedEnable=False | AppliedDAC=    0.0 | Healthy=True
t=  72.5s | Nivel=  207.0 | Enable=False | DAC=    0.0 | AppliedEnable=False | AppliedDAC=    0.0 | Healthy=True
t=  73.6s | Nivel=  207.0 | Enable=False | DAC=    0.0 | AppliedEnable=False | AppliedDAC=    0.0 | Healthy=True
t=  74.6s | Nivel=  207.0 | Enable=False | DAC=    0.0 | AppliedEnable=False | AppliedDAC=    0.0 | Healthy=True

MPC ZERO-OUTPUT DEPLOYMENT GUARD COMPLETED
==========================================
Samples: 580
Nivel raw range: 196.0 .. 247.0
Nivel raw median: 217.000
WatchdogHealthy remained TRUE: YES
FINAL Enable=False: YES
FINAL DAC=0: YES
FINAL AppliedEnable=False: YES
FINAL AppliedDAC=0: YES
OPC UA WRITES BY GUARD: NO
CSV: data\raw\mpc-zero-output-deploy-20260822-121942\zero-output-monitor.csv

ZERO-OUTPUT DEPLOYMENT VALIDATION: PASSED
REAL MPC AUTHORIZED: NO
NEXT: inspect FORTE/4diac runtime inputs before any MPC enable
